DELL@DESKTOP-L31KIG1 MINGW64 ~/Desktop/Java_DSA/ArrayList
$ git init
Initialized empty Git repository in C:/Users/DELL/Desktop/Java_DSA/ArrayList/.git/

DELL@DESKTOP-L31KIG1 MINGW64 ~/Desktop/Java_DSA/ArrayList (master)
$ git branch -m main

DELL@DESKTOP-L31KIG1 MINGW64 ~/Desktop/Java_DSA/ArrayList (main)
$ git add .

DELL@DESKTOP-L31KIG1 MINGW64 ~/Desktop/Java_DSA/ArrayList (main)
$ git commit -m "initil"
[main (root-commit) e057231] initil
 2 files changed, 26 insertions(+)
 create mode 100644 ArrayListDemo.class
 create mode 100644 ArrayListDemo.java

DELL@DESKTOP-L31KIG1 MINGW64 ~/Desktop/Java_DSA/ArrayList (main)
$ git remote add origin https://github.com/sakhole19/user1.git

DELL@DESKTOP-L31KIG1 MINGW64 ~/Desktop/Java_DSA/ArrayList (main)
$ git push -u origin main
info: please complete authentication in your browser...
To https://github.com/sakhole19/user1.git
 ! [rejected]        main -> main (fetch first)
error: failed to push some refs to 'https://github.com/sakhole19/user1.git'
hint: Updates were rejected because the remote contains work that you do not
hint: have locally. This is usually caused by another repository pushing to
hint: the same ref. If you want to integrate the remote changes, use
hint: 'git pull' before pushing again.
hint: See the 'Note about fast-forwards' in 'git push --help' for details.

DELL@DESKTOP-L31KIG1 MINGW64 ~/Desktop/Java_DSA/ArrayList (main)
$ git push -f origin main
Enumerating objects: 4, done.
Counting objects: 100% (4/4), done.
Delta compression using up to 8 threads
Compressing objects: 100% (4/4), done.
Writing objects: 100% (4/4), 922 bytes | 922.00 KiB/s, done.
Total 4 (delta 0), reused 0 (delta 0), pack-reused 0 (from 0)
To https://github.com/sakhole19/user1.git
 + 972fe21...e057231 main -> main (forced update)

DELL@DESKTOP-L31KIG1 MINGW64 ~/Desktop/Java_DSA/ArrayList (main)
$
